Archive member included to satisfy reference by file (symbol)

/usr/bin/../lib/gcc/arm-none-eabi/7.3.1/../../../../arm-none-eabi/lib/thumb/v7e-m/fpv4-sp/hard/libm.a(lib_a-sf_atan.o)
                              build/obj/ahrs.o (atanf)
/usr/bin/../lib/gcc/arm-none-eabi/7.3.1/../../../../arm-none-eabi/lib/thumb/v7e-m/fpv4-sp/hard/libm.a(lib_a-sf_cos.o)
                              build/obj/digital_filter.o (cosf)
/usr/bin/../lib/gcc/arm-none-eabi/7.3.1/../../../../arm-none-eabi/lib/thumb/v7e-m/fpv4-sp/hard/libm.a(lib_a-sf_fabs.o)
                              /usr/bin/../lib/gcc/arm-none-eabi/7.3.1/../../../../arm-none-eabi/lib/thumb/v7e-m/fpv4-sp/hard/libm.a(lib_a-sf_atan.o) (fabsf)
/usr/bin/../lib/gcc/arm-none-eabi/7.3.1/../../../../arm-none-eabi/lib/thumb/v7e-m/fpv4-sp/hard/libm.a(lib_a-sf_floor.o)
                              build/obj/mcpwm_foc.o (floorf)
/usr/bin/../lib/gcc/arm-none-eabi/7.3.1/../../../../arm-none-eabi/lib/thumb/v7e-m/fpv4-sp/hard/libm.a(lib_a-sf_fmin.o)
                              build/obj/app_ppm.o (fminf)
/usr/bin/../lib/gcc/arm-none-eabi/7.3.1/../../../../arm-none-eabi/lib/thumb/v7e-m/fpv4-sp/hard/libm.a(lib_a-sf_fpclassify.o)
                              /usr/bin/../lib/gcc/arm-none-eabi/7.3.1/../../../../arm-none-eabi/lib/thumb/v7e-m/fpv4-sp/hard/libm.a(lib_a-sf_fmin.o) (__fpclassifyf)
/usr/bin/../lib/gcc/arm-none-eabi/7.3.1/../../../../arm-none-eabi/lib/thumb/v7e-m/fpv4-sp/hard/libm.a(lib_a-sf_frexp.o)
                              build/obj/buffer.o (frexpf)
/usr/bin/../lib/gcc/arm-none-eabi/7.3.1/../../../../arm-none-eabi/lib/thumb/v7e-m/fpv4-sp/hard/libm.a(lib_a-sf_ldexp.o)
                              build/obj/buffer.o (ldexpf)
/usr/bin/../lib/gcc/arm-none-eabi/7.3.1/../../../../arm-none-eabi/lib/thumb/v7e-m/fpv4-sp/hard/libm.a(lib_a-sf_round.o)
                              build/obj/ledpwm.o (roundf)
/usr/bin/../lib/gcc/arm-none-eabi/7.3.1/../../../../arm-none-eabi/lib/thumb/v7e-m/fpv4-sp/hard/libm.a(lib_a-sf_scalbn.o)
                              /usr/bin/../lib/gcc/arm-none-eabi/7.3.1/../../../../arm-none-eabi/lib/thumb/v7e-m/fpv4-sp/hard/libm.a(lib_a-sf_ldexp.o) (scalbnf)
/usr/bin/../lib/gcc/arm-none-eabi/7.3.1/../../../../arm-none-eabi/lib/thumb/v7e-m/fpv4-sp/hard/libm.a(lib_a-sf_sin.o)
                              build/obj/digital_filter.o (sinf)
/usr/bin/../lib/gcc/arm-none-eabi/7.3.1/../../../../arm-none-eabi/lib/thumb/v7e-m/fpv4-sp/hard/libm.a(lib_a-w_sqrt.o)
                              build/obj/digital_filter.o (sqrt)
/usr/bin/../lib/gcc/arm-none-eabi/7.3.1/../../../../arm-none-eabi/lib/thumb/v7e-m/fpv4-sp/hard/libm.a(lib_a-wf_asin.o)
                              build/obj/mcpwm.o (asinf)
/usr/bin/../lib/gcc/arm-none-eabi/7.3.1/../../../../arm-none-eabi/lib/thumb/v7e-m/fpv4-sp/hard/libm.a(lib_a-wf_atan2.o)
                              build/obj/mcpwm_foc.o (atan2f)
/usr/bin/../lib/gcc/arm-none-eabi/7.3.1/../../../../arm-none-eabi/lib/thumb/v7e-m/fpv4-sp/hard/libm.a(lib_a-wf_exp.o)
                              build/obj/utils.o (expf)
/usr/bin/../lib/gcc/arm-none-eabi/7.3.1/../../../../arm-none-eabi/lib/thumb/v7e-m/fpv4-sp/hard/libm.a(lib_a-wf_fmod.o)
                              build/obj/utils.o (fmodf)
/usr/bin/../lib/gcc/arm-none-eabi/7.3.1/../../../../arm-none-eabi/lib/thumb/v7e-m/fpv4-sp/hard/libm.a(lib_a-wf_log.o)
                              build/obj/mc_interface.o (logf)
/usr/bin/../lib/gcc/arm-none-eabi/7.3.1/../../../../arm-none-eabi/lib/thumb/v7e-m/fpv4-sp/hard/libm.a(lib_a-wf_pow.o)
                              build/obj/ledpwm.o (powf)
/usr/bin/../lib/gcc/arm-none-eabi/7.3.1/../../../../arm-none-eabi/lib/thumb/v7e-m/fpv4-sp/hard/libm.a(lib_a-wf_sincos.o)
                              build/obj/mcpwm_foc.o (sincosf)
/usr/bin/../lib/gcc/arm-none-eabi/7.3.1/../../../../arm-none-eabi/lib/thumb/v7e-m/fpv4-sp/hard/libm.a(lib_a-wf_sqrt.o)
                              build/obj/mcpwm.o (sqrtf)
/usr/bin/../lib/gcc/arm-none-eabi/7.3.1/../../../../arm-none-eabi/lib/thumb/v7e-m/fpv4-sp/hard/libm.a(lib_a-e_sqrt.o)
                              /usr/bin/../lib/gcc/arm-none-eabi/7.3.1/../../../../arm-none-eabi/lib/thumb/v7e-m/fpv4-sp/hard/libm.a(lib_a-w_sqrt.o) (__ieee754_sqrt)
/usr/bin/../lib/gcc/arm-none-eabi/7.3.1/../../../../arm-none-eabi/lib/thumb/v7e-m/fpv4-sp/hard/libm.a(lib_a-ef_asin.o)
                              /usr/bin/../lib/gcc/arm-none-eabi/7.3.1/../../../../arm-none-eabi/lib/thumb/v7e-m/fpv4-sp/hard/libm.a(lib_a-wf_asin.o) (__ieee754_asinf)
/usr/bin/../lib/gcc/arm-none-eabi/7.3.1/../../../../arm-none-eabi/lib/thumb/v7e-m/fpv4-sp/hard/libm.a(lib_a-ef_atan2.o)
                              /usr/bin/../lib/gcc/arm-none-eabi/7.3.1/../../../../arm-none-eabi/lib/thumb/v7e-m/fpv4-sp/hard/libm.a(lib_a-wf_atan2.o) (__ieee754_atan2f)
/usr/bin/../lib/gcc/arm-none-eabi/7.3.1/../../../../arm-none-eabi/lib/thumb/v7e-m/fpv4-sp/hard/libm.a(lib_a-ef_exp.o)
[...]
Memory Configuration

Name             Origin             Length             Attributes
flash            0x0000000008000000 0x0000000000004000
flash2           0x000000000800c000 0x000000000005fff0
crcinfo          0x000000000805fff0 0x0000000000000008
ram0             0x0000000020000000 0x0000000000020000
ram1             0x0000000020000000 0x000000000001c000
ram2             0x000000002001c000 0x0000000000004000
ram3             0x0000000000000000 0x0000000000000000
ram4             0x0000000010000000 0x0000000000010000
ram5             0x0000000040024000 0x0000000000001000
ram6             0x0000000000000000 0x0000000000000000
ram7             0x0000000000000000 0x0000000000000000
*default*        0x0000000000000000 0xffffffffffffffff

Linker script and memory map

LOAD build/obj/crt0_v7m.o
LOAD build/obj/chcoreasm_v7m.o
LOAD build/obj/crt1.o
LOAD build/obj/vectors.o
LOAD build/obj/chsys.o
LOAD build/obj/chdebug.o
LOAD build/obj/chvt.o
LOAD build/obj/chschd.o
LOAD build/obj/chthreads.o
LOAD build/obj/chtm.o
LOAD build/obj/chdynamic.o
LOAD build/obj/chregistry.o
LOAD build/obj/chsem.o
LOAD build/obj/chmtx.o
LOAD build/obj/chcond.o
LOAD build/obj/chevents.o
LOAD build/obj/chmsg.o
LOAD build/obj/chmboxes.o
LOAD build/obj/chqueues.o
LOAD build/obj/chmemcore.o
LOAD build/obj/chheap.o
LOAD build/obj/chmempools.o
LOAD build/obj/chcore.o
LOAD build/obj/chcore_v7m.o
LOAD build/obj/osal.o
LOAD build/obj/hal.o
LOAD build/obj/st.o
LOAD build/obj/hal_queues.o
LOAD build/obj/hal_mmcsd.o
LOAD build/obj/can.o
LOAD build/obj/i2c.o
LOAD build/obj/icu.o
LOAD build/obj/pal.o
LOAD build/obj/serial.o
LOAD build/obj/serial_usb.o
LOAD build/obj/spi.o
LOAD build/obj/usb.o
LOAD build/obj/nvic.o
LOAD build/obj/stm32_dma.o
LOAD build/obj/hal_lld.o
LOAD build/obj/st_lld.o
LOAD build/obj/can_lld.o
LOAD build/obj/pal_lld.o
LOAD build/obj/i2c_lld.o
LOAD build/obj/usb_lld.o
LOAD build/obj/spi_lld.o
LOAD build/obj/icu_lld.o
LOAD build/obj/serial_lld.o
LOAD build/obj/chprintf.o
LOAD build/obj/syscalls.o
LOAD build/obj/board.o
LOAD build/obj/main.o
LOAD build/obj/comm_usb_serial.o
LOAD build/obj/irq_handlers.o
LOAD build/obj/buffer.o
LOAD build/obj/comm_usb.o
LOAD build/obj/crc.o
LOAD build/obj/digital_filter.o
LOAD build/obj/ledpwm.o
LOAD build/obj/mcpwm.o
LOAD build/obj/servo_dec.o
LOAD build/obj/utils.o
LOAD build/obj/servo_simple.o
LOAD build/obj/packet.o
LOAD build/obj/terminal.o
LOAD build/obj/conf_general.o
LOAD build/obj/eeprom.o
LOAD build/obj/commands.o
LOAD build/obj/timeout.o
LOAD build/obj/comm_can.o
LOAD build/obj/ws2811.o
LOAD build/obj/led_external.o
LOAD build/obj/encoder.o
LOAD build/obj/flash_helper.o
LOAD build/obj/mc_interface.o
LOAD build/obj/mcpwm_foc.o
LOAD build/obj/gpdrive.o
LOAD build/obj/confgenerator.o
LOAD build/obj/timer.o
LOAD build/obj/i2c_bb.o
LOAD build/obj/virtual_motor.o
LOAD build/obj/hw.o
LOAD build/obj/drv8301.o
LOAD build/obj/drv8305.o
LOAD build/obj/drv8320s.o
LOAD build/obj/drv8323s.o
LOAD build/obj/app.o
LOAD build/obj/app_ppm.o
LOAD build/obj/app_adc.o
LOAD build/obj/app_sten.o
LOAD build/obj/app_uartcomm.o
LOAD build/obj/app_nunchuk.o
LOAD build/obj/app_custom.o
LOAD build/obj/spi_sw.o
LOAD build/obj/rf.o
LOAD build/obj/rfhelp.o
LOAD build/obj/nrf_driver.o
LOAD build/obj/canard.o
LOAD build/obj/canard_driver.o
LOAD build/obj/esc_Status.o
LOAD build/obj/esc_RawCommand.o
LOAD build/obj/esc_RPMCommand.o
LOAD build/obj/mpu9150.o
LOAD build/obj/ahrs.o
LOAD build/obj/imu.o
LOAD build/obj/bm_if.o
LOAD build/obj/swdptap.o
LOAD build/obj/timing.o
LOAD build/obj/platform.o
LOAD build/obj/exception.o
LOAD build/obj/swdptap_generic.o
LOAD build/obj/target.o
LOAD build/obj/adiv5_swdp.o
LOAD build/obj/adiv5.o
LOAD build/obj/cortexm.o
LOAD build/obj/nrf51.o
LOAD build/obj/stm32f1.o
LOAD build/obj/stm32f4.o
LOAD build/obj/stm32h7.o
LOAD build/obj/stm32l0.o
LOAD build/obj/stm32l4.o
LOAD build/obj/misc.o
LOAD build/obj/stm32f4xx_adc.o
LOAD build/obj/stm32f4xx_dma.o
LOAD build/obj/stm32f4xx_exti.o
LOAD build/obj/stm32f4xx_flash.o
LOAD build/obj/stm32f4xx_rcc.o
LOAD build/obj/stm32f4xx_syscfg.o
LOAD build/obj/stm32f4xx_tim.o
LOAD build/obj/stm32f4xx_iwdg.o
LOAD build/obj/stm32f4xx_wwdg.o
                0x0000000020000000                __ram0_start__ = ORIGIN (ram0)
                0x0000000000020000                __ram0_size__ = LENGTH (ram0)
                0x0000000020020000                __ram0_end__ = (__ram0_start__ + __ram0_size__)
                0x0000000020000000                __ram1_start__ = ORIGIN (ram1)
                0x000000000001c000                __ram1_size__ = LENGTH (ram1)
                0x000000002001c000                __ram1_end__ = (__ram1_start__ + __ram1_size__)
                0x000000002001c000                __ram2_start__ = ORIGIN (ram2)
                0x0000000000004000                __ram2_size__ = LENGTH (ram2)
                0x0000000020020000                __ram2_end__ = (__ram2_start__ + __ram2_size__)
                0x0000000000000000                __ram3_start__ = ORIGIN (ram3)
                0x0000000000000000                __ram3_size__ = LENGTH (ram3)
                0x0000000000000000                __ram3_end__ = (__ram3_start__ + __ram3_size__)
                0x0000000010000000                __ram4_start__ = ORIGIN (ram4)
                0x0000000000010000                __ram4_size__ = LENGTH (ram4)
                0x0000000010010000                __ram4_end__ = (__ram4_start__ + __ram4_size__)
                0x0000000040024000                __ram5_start__ = ORIGIN (ram5)
                0x0000000000001000                __ram5_size__ = LENGTH (ram5)
                0x0000000040025000                __ram5_end__ = (__ram5_start__ + __ram5_size__)
                0x0000000000000000                __ram6_start__ = ORIGIN (ram6)
                0x0000000000000000                __ram6_size__ = LENGTH (ram6)
                0x0000000000000000                __ram6_end__ = (__ram6_start__ + __ram6_size__)
                0x0000000000000000                __ram7_start__ = ORIGIN (ram7)
                0x0000000000000000                __ram7_size__ = LENGTH (ram7)
                0x0000000000000000                __ram7_end__ = (__ram7_start__ + __ram7_size__)
                0x0000000000000000                . = 0x0
                0x0000000000000000                _text = .

startup         0x0000000008000000      0x1c0
 *(.vectors)
 .vectors       0x0000000008000000      0x1c0 build/obj/vectors.o
                0x0000000008000000                _vectors

constructors    0x000000000800c000        0x0
                0x000000000800c000                PROVIDE (__init_array_start = .)
 *(SORT_BY_NAME(.init_array.*))
 *(.init_array)
                0x000000000800c000                PROVIDE (__init_array_end = .)

destructors     0x000000000800c000        0x0
                0x000000000800c000                PROVIDE (__fini_array_start = .)
 *(.fini_array)
 *(SORT_BY_NAME(.fini_array.*))
                0x000000000800c000                PROVIDE (__fini_array_end = .)

.text           0x000000000800c000    0x35df0
 *(.text)
 .text          0x000000000800c000      0x104 build/obj/crt0_v7m.o
                0x000000000800c000                Reset_Handler
 *fill*         0x000000000800c104        0xc 
 .text          0x000000000800c110       0x30 build/obj/chcoreasm_v7m.o
                0x000000000800c110                _port_switch
                0x000000000800c128                _port_thread_start
                0x000000000800c138                _port_switch_from_isr
                0x000000000800c13c                _port_exit_from_isr
 .text          0x000000000800c140      0x378 /usr/bin/../lib/gcc/arm-none-eabi/7.3.1/thumb/v7e-m/fpv4-sp/hard/libgcc.a(_arm_addsubdf3.o)
                0x000000000800c140                __aeabi_drsub
                0x000000000800c148                __aeabi_dsub
                0x000000000800c148                __subdf3
                0x000000000800c14c                __adddf3
                0x000000000800c14c                __aeabi_dadd
                0x000000000800c3c4                __aeabi_ui2d
                0x000000000800c3c4                __floatunsidf
                0x000000000800c3e4                __floatsidf
                0x000000000800c3e4                __aeabi_i2d
                0x000000000800c408                __extendsfdf2
                0x000000000800c408                __aeabi_f2d
                0x000000000800c44c                __aeabi_ul2d
                0x000000000800c44c                __floatundidf
                0x000000000800c45c                __floatdidf
                0x000000000800c45c                __aeabi_l2d
 *fill*         0x000000000800c4b8        0x8 
 .text          0x000000000800c4c0      0x424 /usr/bin/../lib/gcc/arm-none-eabi/7.3.1/thumb/v7e-m/fpv4-sp/hard/libgcc.a(_arm_muldivdf3.o)
                0x000000000800c4c0                __aeabi_dmul
                0x000000000800c4c0                __muldf3
                0x000000000800c714                __aeabi_ddiv
                0x000000000800c714                __divdf3
 *fill*         0x000000000800c8e4        0xc 
 .text          0x000000000800c8f0      0x110 /usr/bin/../lib/gcc/arm-none-eabi/7.3.1/thumb/v7e-m/fpv4-sp/hard/libgcc.a(_arm_cmpdf2.o)
                0x000000000800c8f0                __gtdf2
                0x000000000800c8f0                __gedf2
                0x000000000800c8f8                __ltdf2
                0x000000000800c8f8                __ledf2
                0x000000000800c900                __cmpdf2
                0x000000000800c900                __eqdf2
                0x000000000800c900                __nedf2
                0x000000000800c97c                __aeabi_cdrcmple
                0x000000000800c98c                __aeabi_cdcmple
                0x000000000800c98c                __aeabi_cdcmpeq
                0x000000000800c99c                __aeabi_dcmpeq
                0x000000000800c9b0                __aeabi_dcmplt
                0x000000000800c9c4                __aeabi_dcmple
                0x000000000800c9d8                __aeabi_dcmpge
                0x000000000800c9ec                __aeabi_dcmpgt
 .text          0x000000000800ca00       0x2c /usr/bin/../lib/gcc/arm-none-eabi/7.3.1/thumb/v7e-m/fpv4-sp/hard/libgcc.a(_arm_unorddf2.o)
                0x000000000800ca00                __aeabi_dcmpun
                0x000000000800ca00                __unorddf2
 *fill*         0x000000000800ca2c        0x4 
 .text          0x000000000800ca30       0x50 /usr/bin/../lib/gcc/arm-none-eabi/7.3.1/thumb/v7e-m/fpv4-sp/hard/libgcc.a(_arm_fixdfsi.o)
                0x000000000800ca30                __fixdfsi
                0x000000000800ca30                __aeabi_d2iz
 .text          0x000000000800ca80       0xa0 /usr/bin/../lib/gcc/arm-none-eabi/7.3.1/thumb/v7e-m/fpv4-sp/hard/libgcc.a(_arm_truncdfsf2.o)
                0x000000000800ca80                __aeabi_d2f
                0x000000000800ca80                __truncdfsf2
 .text          0x000000000800cb20      0x134 /usr/bin/../lib/gcc/arm-none-eabi/7.3.1/../../../../arm-none-eabi/lib/thumb/v7e-m/fpv4-sp/hard/libg.a(lib_a-memcpy.o)
                0x000000000800cb20                memcpy
 *fill*         0x000000000800cc54        0xc 
 .text          0x000000000800cc60       0x1c /usr/bin/../lib/gcc/arm-none-eabi/7.3.1/../../../../arm-none-eabi/lib/thumb/v7e-m/fpv4-sp/hard/libg.a(lib_a-setjmp.o)
                0x000000000800cc60                setjmp
                0x000000000800cc6c                longjmp
 *fill*         0x000000000800cc7c        0x4 
 .text          0x000000000800cc80      0x2dc /usr/bin/../lib/gcc/arm-none-eabi/7.3.1/../../../../arm-none-eabi/lib/thumb/v7e-m/fpv4-sp/hard/libg.a(lib_a-strcmp.o)
                0x000000000800cc88                strcmp
 *fill*         0x000000000800cf5c        0x4 
 .text          0x000000000800cf60       0xdc /usr/bin/../lib/gcc/arm-none-eabi/7.3.1/../../../../arm-none-eabi/lib/thumb/v7e-m/fpv4-sp/hard/libg.a(lib_a-strlen.o)
                0x000000000800cf60                strlen
 *fill*         0x000000000800d03c        0x4 
 .text          0x000000000800d040       0xa0 /usr/bin/../lib/gcc/arm-none-eabi/7.3.1/../../../../arm-none-eabi/lib/thumb/v7e-m/fpv4-sp/hard/libg.a(lib_a-memchr.o)
                0x000000000800d040                memchr
 .text          0x000000000800d0e0       0x40 /usr/bin/../lib/gcc/arm-none-eabi/7.3.1/thumb/v7e-m/fpv4-sp/hard/libgcc.a(_arm_fixunsdfsi.o)
                0x000000000800d0e0                __fixunsdfsi
                0x000000000800d0e0                __aeabi_d2uiz
 .text          0x000000000800d120       0x30 /usr/bin/../lib/gcc/arm-none-eabi/7.3.1/thumb/v7e-m/fpv4-sp/hard/libgcc.a(_aeabi_uldivmod.o)
                0x000000000800d120                __aeabi_uldivmod
 .text          0x000000000800d150      0x2cc /usr/bin/../lib/gcc/arm-none-eabi/7.3.1/thumb/v7e-m/fpv4-sp/hard/libgcc.a(_udivmoddi4.o)
                0x000000000800d150                __udivmoddi4
 *fill*         0x000000000800d41c        0x4 
 .text          0x000000000800d420        0x4 /usr/bin/../lib/gcc/arm-none-eabi/7.3.1/thumb/v7e-m/fpv4-sp/hard/libgcc.a(_dvmd_tls.o)
                0x000000000800d420                __aeabi_ldiv0
                0x000000000800d420                __aeabi_idiv0
 *(.text.*)
 *fill*         0x000000000800d424        0xc 
 .text.__core_init
                0x000000000800d430        0x4 build/obj/crt1.o
                0x000000000800d430                __core_init
 *fill*         0x000000000800d434        0xc 
 .text.__late_init
                0x000000000800d440        0x4 build/obj/crt1.o
                0x000000000800d440                __late_init
 *fill*         0x000000000800d444        0xc 
 .text.__default_exit
                0x000000000800d450        0x4 build/obj/crt1.o
                0x000000000800d450                __default_exit
 *fill*         0x000000000800d454        0xc 
 .text._unhandled_exception
                0x000000000800d460        0x4 build/obj/vectors.o
                0x000000000800d460                Vector58
                0x000000000800d460                VectorE8
                0x000000000800d460                VectorAC
                0x000000000800d460                DebugMon_Handler
                0x000000000800d460                Vector1A0
                0x000000000800d460                Vector5C
                0x000000000800d460                Vector11C
                0x000000000800d460                HardFault_Handler
                0x000000000800d460                Vector1B8
                0x000000000800d460                Vector19C
                0x000000000800d460                PendSV_Handler
                0x000000000800d460                Vector168
                0x000000000800d460                NMI_Handler
                0x000000000800d460                VectorA8
                0x000000000800d460                Vector160
                0x000000000800d460                Vector1B0
                0x000000000800d460                UsageFault_Handler
                0x000000000800d460                VectorEC
                0x000000000800d460                Vector40
                0x000000000800d460                Vector108
                0x000000000800d460                VectorBC
                0x000000000800d460                Vector190
                0x000000000800d460                Vector148
                0x000000000800d460                Vector188
                0x000000000800d460                Vector198
                0x000000000800d460                Vector118
                0x000000000800d460                Vector64
                0x000000000800d460                VectorCC
                0x000000000800d460                Vector54
                0x000000000800d460                VectorD8
                0x000000000800d460                Vector138
                0x000000000800d460                Vector24
                0x000000000800d460                Vector1AC
                0x000000000800d460                Vector178
                0x000000000800d460                Vector1A4
                0x000000000800d460                VectorD0
                0x000000000800d460                Vector1B4
                0x000000000800d460                Vector140
                0x000000000800d460                VectorE4
                0x000000000800d460                VectorC0
                0x000000000800d460                Vector134
                0x000000000800d460                VectorF0
                0x000000000800d460                Vector13C
                0x000000000800d460                Vector100
                0x000000000800d460                VectorE0
                0x000000000800d460                VectorF4
                0x000000000800d460                MemManage_Handler
                0x000000000800d460                VectorA0
                0x000000000800d460                Vector180
                0x000000000800d460                VectorB0
                0x000000000800d460                Vector114
                0x000000000800d460                Vector60
                0x000000000800d460                Vector164
                0x000000000800d460                Vector1C
                0x000000000800d460                Vector1BC
                0x000000000800d460                Vector17C
                0x000000000800d460                Vector48
                0x000000000800d460                Vector1A8
                0x000000000800d460                Vector16C
                0x000000000800d460                VectorD4
                0x000000000800d460                Vector4C
                0x000000000800d460                Vector144
                0x000000000800d460                Vector68
                0x000000000800d460                _unhandled_exception
                0x000000000800d460                Vector170
                0x000000000800d460                Vector104
                0x000000000800d460                Vector184
                0x000000000800d460                Vector10C
                0x000000000800d460                BusFault_Handler
                0x000000000800d460                Vector50
                0x000000000800d460                Vector194
                0x000000000800d460                Vector28
                0x000000000800d460                Vector34
                0x000000000800d460                VectorA4
                0x000000000800d460                Vector20
                0x000000000800d460                Vector18C
                0x000000000800d460                Vector174
 *fill*         0x000000000800d464        0xc 
 .text._idle_thread
                0x000000000800d470        0x4 build/obj/chsys.o
 *fill*         0x000000000800d474        0xc 
 .text.chSysInit
                0x000000000800d480       0xa4 build/obj/chsys.o
                0x000000000800d480                chSysInit
 *fill*         0x000000000800d524        0xc 
 .text.chSysHalt
                0x000000000800d530        0xc build/obj/chsys.o
                0x000000000800d530                chSysHalt
 *fill*         0x000000000800d53c        0x4 
 .text.chSysTimerHandlerI
                0x000000000800d540       0x58 build/obj/chsys.o
                0x000000000800d540                chSysTimerHandlerI
 *fill*         0x000000000800d598        0x8 
 .text.chSysPolledDelayX
                0x000000000800d5a0       0x14 build/obj/chsys.o
                0x000000000800d5a0                chSysPolledDelayX
 *fill*         0x000000000800d5b4        0xc 
 .text._vt_init
                0x000000000800d5c0       0x1c build/obj/chvt.o
                0x000000000800d5c0                _vt_init
 *fill*         0x000000000800d5dc        0x4 
 .text.chVTDoSetI
                0x000000000800d5e0       0x3c build/obj/chvt.o
                0x000000000800d5e0                chVTDoSetI
 *fill*         0x000000000800d61c        0x4 
 .text.chVTDoResetI
                0x000000000800d620       0x28 build/obj/chvt.o
                0x000000000800d620                chVTDoResetI
 *fill*         0x000000000800d648        0x8 
 .text.wakeup   0x000000000800d650       0x6c build/obj/chschd.o
 *fill*         0x000000000800d6bc        0x4 
 .text._scheduler_init
                0x000000000800d6c0       0x14 build/obj/chschd.o
                0x000000000800d6c0                _scheduler_init
 *fill*         0x000000000800d6d4        0xc 
 .text.chSchReadyI
                0x000000000800d6e0       0x24 build/obj/chschd.o
                0x000000000800d6e0                chSchReadyI
 *fill*         0x000000000800d704        0xc 
 .text.chSchGoSleepS
                0x000000000800d710       0x28 build/obj/chschd.o
                0x000000000800d710                chSchGoSleepS
 *fill*         0x000000000800d738        0x8 
 .text.chSchGoSleepTimeoutS
                0x000000000800d740       0x44 build/obj/chschd.o
                0x000000000800d740                chSchGoSleepTimeoutS
 *fill*         0x000000000800d784        0xc 
 .text.chSchWakeupS
                0x000000000800d790       0x58 build/obj/chschd.o
                0x000000000800d790                chSchWakeupS
 *fill*         0x000000000800d7e8        0x8 
 .text.chSchIsPreemptionRequired
                0x000000000800d7f0       0x28 build/obj/chschd.o
                0x000000000800d7f0                chSchIsPreemptionRequired
 *fill*         0x000000000800d818        0x8 
 .text.chSchDoRescheduleBehind
                0x000000000800d820       0x3c build/obj/chschd.o
                0x000000000800d820                chSchDoRescheduleBehind
 *fill*         0x000000000800d85c        0x4 
 .text.chSchDoRescheduleAhead
                0x000000000800d860       0x38 build/obj/chschd.o
                0x000000000800d860                chSchDoRescheduleAhead
 *fill*         0x000000000800d898        0x8 
 .text.chSchRescheduleS
                0x000000000800d8a0       0x18 build/obj/chschd.o
                0x000000000800d8a0                chSchRescheduleS
 *fill*         0x000000000800d8b8        0x8 
 .text.chSchDoReschedule
                0x000000000800d8c0       0x14 build/obj/chschd.o
                0x000000000800d8c0                chSchDoReschedule
 *fill*         0x000000000800d8d4        0xc 
 .text._thread_init
                0x000000000800d8e0       0x40 build/obj/chthreads.o
                0x000000000800d8e0                _thread_init
 .text.chThdCreateI
                0x000000000800d920       0x54 build/obj/chthreads.o
                0x000000000800d920                chThdCreateI
 *fill*         0x000000000800d974        0xc 
 .text.chThdCreateStatic
                0x000000000800d980       0x68 build/obj/chthreads.o
                0x000000000800d980                chThdCreateStatic
 *fill*         0x000000000800d9e8        0x8 
 .text.chThdSleep
                0x000000000800d9f0       0x18 build/obj/chthreads.o
                0x000000000800d9f0                chThdSleep
 *fill*         0x000000000800da08        0x8 
 .text.chThdExitS
                0x000000000800da10       0x40 build/obj/chthreads.o
                0x000000000800da10                chThdExitS
 .text.chThdExit
                0x000000000800da50        0xc build/obj/chthreads.o
                0x000000000800da50                chThdExit
 *fill*         0x000000000800da5c        0x4 
 .text.chThdSuspendS
                0x000000000800da60       0x1c build/obj/chthreads.o
                0x000000000800da60                chThdSuspendS
 *fill*         0x000000000800da7c        0x4 
 .text.chThdSuspendTimeoutS
                0x000000000800da80       0x1c build/obj/chthreads.o
                0x000000000800da80                chThdSuspendTimeoutS
 *fill*         0x000000000800da9c        0x4 
 .text.chThdResumeI
                0x000000000800daa0       0x14 build/obj/chthreads.o
                0x000000000800daa0                chThdResumeI
 *fill*         0x000000000800dab4        0xc 
 .text.chThdEnqueueTimeoutS
                0x000000000800dac0       0x28 build/obj/chthreads.o
                0x000000000800dac0                chThdEnqueueTimeoutS
 *fill*         0x000000000800dae8        0x8 
 .text.chThdDequeueNextI
                0x000000000800daf0       0x20 build/obj/chthreads.o
                0x000000000800daf0                chThdDequeueNextI
 .text.chThdDequeueAllI
                0x000000000800db10       0x24 build/obj/chthreads.o
                0x000000000800db10                chThdDequeueAllI
 *fill*         0x000000000800db34        0xc 
 .text.chTMStartMeasurementX
                0x000000000800db40        0xc build/obj/chtm.o
                0x000000000800db40                chTMStartMeasurementX
 *fill*         0x000000000800db4c        0x4 
 .text.chTMStopMeasurementX
                0x000000000800db50       0x48 build/obj/chtm.o
                0x000000000800db50                chTMStopMeasurementX
 *fill*         0x000000000800db98        0x8 
 .text._tm_init
                0x000000000800dba0       0x38 build/obj/chtm.o
                0x000000000800dba0                _tm_init
 *fill*         0x000000000800dbd8        0x8 
 .text.chThdRelease
                0x000000000800dbe0       0x50 build/obj/chdynamic.o
                0x000000000800dbe0                chThdRelease
 .text.chRegFirstThread
                0x000000000800dc30       0x1c build/obj/chregistry.o
                0x000000000800dc30                chRegFirstThread
 *fill*         0x000000000800dc4c        0x4 
 .text.chRegNextThread
                0x000000000800dc50       0x2c build/obj/chregistry.o
                0x000000000800dc50                chRegNextThread
 *fill*         0x000000000800dc7c        0x4 
 .text.chMtxObjectInit
                0x000000000800dc80        0xc build/obj/chmtx.o
                0x000000000800dc80                chMtxObjectInit
 *fill*         0x000000000800dc8c        0x4 
 .text.chMtxLockS
                0x000000000800dc90       0xe0 build/obj/chmtx.o
                0x000000000800dc90                chMtxLockS
 .text.chMtxLock
                0x000000000800dd70       0x14 build/obj/chmtx.o
                0x000000000800dd70                chMtxLock
 *fill*         0x000000000800dd84        0xc 
 .text.chMtxUnlock
                0x000000000800dd90       0x64 build/obj/chmtx.o
                0x000000000800dd90                chMtxUnlock
 *fill*         0x000000000800ddf4        0xc 
 .text.chEvtRegisterMaskWithFlags
                0x000000000800de00       0x28 build/obj/chevents.o
                0x000000000800de00                chEvtRegisterMaskWithFlags
 *fill*         0x000000000800de28        0x8 
 .text.chEvtUnregister
                0x000000000800de30       0x2c build/obj/chevents.o
                0x000000000800de30                chEvtUnregister
 *fill*         0x000000000800de5c        0x4 
 .text.chEvtGetAndClearEvents
                0x000000000800de60       0x20 build/obj/chevents.o
                0x000000000800de60                chEvtGetAndClearEvents
 .text.chEvtSignalI
                0x000000000800de80       0x28 build/obj/chevents.o
                0x000000000800de80                chEvtSignalI
 *fill*         0x000000000800dea8        0x8 
 .text.chEvtBroadcastFlagsI
                0x000000000800deb0       0x2c build/obj/chevents.o
                0x000000000800deb0                chEvtBroadcastFlagsI
 *fill*         0x000000000800dedc        0x4 
 .text.chEvtSignal
                0x000000000800dee0       0x18 build/obj/chevents.o
                0x000000000800dee0                chEvtSignal
 *fill*         0x000000000800def8        0x8 
 .text.chEvtWaitAny
                0x000000000800df00       0x38 build/obj/chevents.o
                0x000000000800df00                chEvtWaitAny
 *fill*         0x000000000800df38        0x8 
 .text.chEvtWaitAnyTimeout
                0x000000000800df40       0x48 build/obj/chevents.o
                0x000000000800df40                chEvtWaitAnyTimeout
 *fill*         0x000000000800df88        0x8 
 .text.chIQObjectInit
                0x000000000800df90       0x20 build/obj/chqueues.o
                0x000000000800df90                chIQObjectInit
 .text.chIQResetI
                0x000000000800dfb0       0x14 build/obj/chqueues.o
                0x000000000800dfb0                chIQResetI
 *fill*         0x000000000800dfc4        0xc 
 .text.chIQPutI
                0x000000000800dfd0       0x38 build/obj/chqueues.o
                0x000000000800dfd0                chIQPutI
 *fill*         0x000000000800e008        0x8 
 .text.chIQGetTimeout
                0x000000000800e010       0x50 build/obj/chqueues.o
                0x000000000800e010                chIQGetTimeout
 .text.chIQReadTimeout
                0x000000000800e060       0x78 build/obj/chqueues.o
                0x000000000800e060                chIQReadTimeout
 *fill*         0x000000000800e0d8        0x8 
 .text.chOQObjectInit
                0x000000000800e0e0       0x1c build/obj/chqueues.o
                0x000000000800e0e0                chOQObjectInit
 *fill*         0x000000000800e0fc        0x4 
 .text.chOQResetI
                0x000000000800e100       0x1c build/obj/chqueues.o
                0x000000000800e100                chOQResetI
 *fill*         0x000000000800e11c        0x4 
 .text.chOQPutTimeout
                0x000000000800e120       0x50 build/obj/chqueues.o
                0x000000000800e120                chOQPutTimeout
 .text.chOQGetI
                0x000000000800e170       0x38 build/obj/chqueues.o
                0x000000000800e170                chOQGetI
 *fill*         0x000000000800e1a8        0x8 
 .text.chOQWriteTimeout
                0x000000000800e1b0       0x88 build/obj/chqueues.o
                0x000000000800e1b0                chOQWriteTimeout
 *fill*         0x000000000800e238        0x8 
 .text._core_init
                0x000000000800e240       0x28 build/obj/chmemcore.o
                0x000000000800e240                _core_init
 *fill*         0x000000000800e268        0x8 
 .text.chCoreAlloc
                0x000000000800e270       0x34 build/obj/chmemcore.o
                0x000000000800e270                chCoreAlloc
 *fill*         0x000000000800e2a4        0xc 
 .text.chCoreGetStatusX
                0x000000000800e2b0       0x14 build/obj/chmemcore.o
                0x000000000800e2b0                chCoreGetStatusX
 *fill*         0x000000000800e2c4        0xc 
 .text._heap_init
                0x000000000800e2d0       0x1c build/obj/chheap.o
                0x000000000800e2d0                _heap_init
 *fill*         0x000000000800e2ec        0x4 
 .text.chHeapFree
                0x000000000800e2f0       0x8c build/obj/chheap.o
                0x000000000800e2f0                chHeapFree
 *fill*         0x000000000800e37c        0x4 
 .text.chHeapStatus
                0x000000000800e380       0x44 build/obj/chheap.o
                0x000000000800e380                chHeapStatus
 *fill*         0x000000000800e3c4        0xc 
 .text.chPoolFree
                0x000000000800e3d0       0x14 build/obj/chmempools.o
                0x000000000800e3d0                chPoolFree
 *fill*         0x000000000800e3e4        0xc 
 .text.SVC_Handler
                0x000000000800e3f0       0x2c build/obj/chcore_v7m.o
                0x000000000800e3f0                SVC_Handler
 *fill*         0x000000000800e41c        0x4 
 .text._port_irq_epilogue
                0x000000000800e420       0x60 build/obj/chcore_v7m.o
                0x000000000800e420                _port_irq_epilogue
 .text.halInit  0x000000000800e480       0x38 build/obj/hal.o
                0x000000000800e480                halInit
 *fill*         0x000000000800e4b8        0x8 
 .text.stInit   0x000000000800e4c0        0x4 build/obj/st.o
                0x000000000800e4c0                stInit
 *fill*         0x000000000800e4c4        0xc 
 .text.canInit  0x000000000800e4d0        0x4 build/obj/can.o
                0x000000000800e4d0                canInit
 *fill*         0x000000000800e4d4        0xc 
 .text.canObjectInit
                0x000000000800e4e0       0x3c build/obj/can.o
                0x000000000800e4e0                canObjectInit
 *fill*         0x000000000800e51c        0x4 
 .text.canStart
                0x000000000800e520       0x20 build/obj/can.o
                0x000000000800e520                canStart
 .text.canStop  0x000000000800e540       0x38 build/obj/can.o
                0x000000000800e540                canStop
 *fill*         0x000000000800e578        0x8 
 .text.canTransmit
                0x000000000800e580       0x50 build/obj/can.o
                0x000000000800e580                canTransmit
 .text.canReceive
                0x000000000800e5d0       0x50 build/obj/can.o
                0x000000000800e5d0                canReceive
 .text.i2cInit  0x000000000800e620        0x4 build/obj/i2c.o
                0x000000000800e620                i2cInit
 *fill*         0x000000000800e624        0xc 
 .text.i2cObjectInit
                0x000000000800e630       0x10 build/obj/i2c.o
                0x000000000800e630                i2cObjectInit
 .text.i2cStart
                0x000000000800e640       0x1c build/obj/i2c.o
                0x000000000800e640                i2cStart
 *fill*         0x000000000800e65c        0x4 
 .text.i2cStop  0x000000000800e660       0x1c build/obj/i2c.o
                0x000000000800e660                i2cStop
 *fill*         0x000000000800e67c        0x4 
 .text.i2cMasterTransmitTimeout
                0x000000000800e680       0x40 build/obj/i2c.o
                0x000000000800e680                i2cMasterTransmitTimeout
 .text.i2cMasterReceiveTimeout
                0x000000000800e6c0       0x30 build/obj/i2c.o
                0x000000000800e6c0                i2cMasterReceiveTimeout
 .text.i2cAcquireBus
                0x000000000800e6f0        0x8 build/obj/i2c.o
                0x000000000800e6f0                i2cAcquireBus
 *fill*         0x000000000800e6f8        0x8 
 .text.i2cReleaseBus
                0x000000000800e700        0x8 build/obj/i2c.o
                0x000000000800e700                i2cReleaseBus
 *fill*         0x000000000800e708        0x8 
 .text.icuInit  0x000000000800e710        0x4 build/obj/icu.o
                0x000000000800e710                icuInit
 *fill*         0x000000000800e714        0xc 
 .text.icuObjectInit
                0x000000000800e720        0xc build/obj/icu.o
                0x000000000800e720                icuObjectInit
 *fill*         0x000000000800e72c        0x4 
 .text.icuStart
                0x000000000800e730       0x1c build/obj/icu.o
                0x000000000800e730                icuStart
 *fill*         0x000000000800e74c        0x4 
 .text.icuStop  0x000000000800e750       0x1c build/obj/icu.o
                0x000000000800e750                icuStop
 *fill*         0x000000000800e76c        0x4 
 .text.icuStartCapture
                0x000000000800e770       0x1c build/obj/icu.o
                0x000000000800e770                icuStartCapture
 *fill*         0x000000000800e78c        0x4 
 .text.icuEnableNotifications
                0x000000000800e790       0x14 build/obj/icu.o
                0x000000000800e790                icuEnableNotifications
 *fill*         0x000000000800e7a4        0xc 
 .text.readt    0x000000000800e7b0        0x8 build/obj/serial.o
 *fill*         0x000000000800e7b8        0x8 
 .text.read     0x000000000800e7c0        0xc build/obj/serial.o
 *fill*         0x000000000800e7cc        0x4 
 .text.writet   0x000000000800e7d0        0x8 build/obj/serial.o
 *fill*         0x000000000800e7d8        0x8 
 .text.write    0x000000000800e7e0        0xc build/obj/serial.o
 *fill*         0x000000000800e7ec        0x4 
 .text.gett     0x000000000800e7f0        0x8 build/obj/serial.o
 *fill*         0x000000000800e7f8        0x8 
 .text.get      0x000000000800e800        0xc build/obj/serial.o
 *fill*         0x000000000800e80c        0x4 
 .text.putt     0x000000000800e810        0x8 build/obj/serial.o
 *fill*         0x000000000800e818        0x8 
 .text.put      0x000000000800e820        0xc build/obj/serial.o
 *fill*         0x000000000800e82c        0x4 
 .text.sdInit   0x000000000800e830        0x4 build/obj/serial.o
                0x000000000800e830                sdInit
 *fill*         0x000000000800e834        0xc 
 .text.sdObjectInit
                0x000000000800e840       0x40 build/obj/serial.o
                0x000000000800e840                sdObjectInit
 .text.sdStart  0x000000000800e880       0x1c build/obj/serial.o
                0x000000000800e880                sdStart
 *fill*         0x000000000800e89c        0x4 
 .text.sdStop   0x000000000800e8a0       0x30 build/obj/serial.o
                0x000000000800e8a0                sdStop
 .text.sdIncomingDataI
                0x000000000800e8d0       0x3c build/obj/serial.o
                0x000000000800e8d0                sdIncomingDataI
 *fill*         0x000000000800e90c        0x4 
 .text.onotify  0x000000000800e910       0x5c build/obj/serial_usb.o
 *fill*         0x000000000800e96c        0x4 
 .text.inotify  0x000000000800e970       0x6c build/obj/serial_usb.o
 *fill*         0x000000000800e9dc        0x4 
 .text.readt    0x000000000800e9e0        0x8 build/obj/serial_usb.o
 *fill*         0x000000000800e9e8        0x8 
 .text.read     0x000000000800e9f0        0xc build/obj/serial_usb.o
 *fill*         0x000000000800e9fc        0x4 
 .text.writet   0x000000000800ea00        0x8 build/obj/serial_usb.o
 *fill*         0x000000000800ea08        0x8 
 .text.write    0x000000000800ea10        0xc build/obj/serial_usb.o
 *fill*         0x000000000800ea1c        0x4 
 .text.gett     0x000000000800ea20        0x8 build/obj/serial_usb.o
 *fill*         0x000000000800ea28        0x8 
 .text.get      0x000000000800ea30        0xc build/obj/serial_usb.o
 *fill*         0x000000000800ea3c        0x4 
 .text.putt     0x000000000800ea40        0x8 build/obj/serial_usb.o
 *fill*         0x000000000800ea48        0x8 
 .text.put      0x000000000800ea50        0xc build/obj/serial_usb.o
 *fill*         0x000000000800ea5c        0x4 
 .text.sduInit  0x000000000800ea60        0x4 build/obj/serial_usb.o
                0x000000000800ea60                sduInit
 *fill*         0x000000000800ea64        0xc 
 .text.sduObjectInit
                0x000000000800ea70       0x4c build/obj/serial_usb.o
                0x000000000800ea70                sduObjectInit
 *fill*         0x000000000800eabc        0x4 
 .text.sduStart
                0x000000000800eac0       0x34 build/obj/serial_usb.o
                0x000000000800eac0                sduStart
 *fill*         0x000000000800eaf4        0xc 
 .text.sduConfigureHookI
                0x000000000800eb00       0x4c build/obj/serial_usb.o
                0x000000000800eb00                sduConfigureHookI
 *fill*         0x000000000800eb4c        0x4 
 .text.sduRequestsHook
                0x000000000800eb50       0x40 build/obj/serial_usb.o
                0x000000000800eb50                sduRequestsHook
 .text.sduDataTransmitted
                0x000000000800eb90       0x68 build/obj/serial_usb.o
                0x000000000800eb90                sduDataTransmitted
 *fill*         0x000000000800ebf8        0x8 
 .text.sduDataReceived
                0x000000000800ec00       0x6c build/obj/serial_usb.o
                0x000000000800ec00                sduDataReceived
 *fill*         0x000000000800ec6c        0x4 
 .text.sduInterruptTransmitted
                0x000000000800ec70        0x4 build/obj/serial_usb.o
                0x000000000800ec70                sduInterruptTransmitted
 *fill*         0x000000000800ec74        0xc 
 .text.spiInit  0x000000000800ec80        0x4 build/obj/spi.o
                0x000000000800ec80                spiInit
 *fill*         0x000000000800ec84        0xc 
 .text.spiObjectInit
                0x000000000800ec90       0x10 build/obj/spi.o
                0x000000000800ec90                spiObjectInit
 .text.usbInit  0x000000000800eca0        0x4 build/obj/usb.o
                0x000000000800eca0                usbInit
 *fill*         0x000000000800eca4        0xc 
 .text.usbObjectInit
                0x000000000800ecb0       0x18 build/obj/usb.o
                0x000000000800ecb0                usbObjectInit
 *fill*         0x000000000800ecc8        0x8 
 .text.usbStart
                0x000000000800ecd0       0x24 build/obj/usb.o
                0x000000000800ecd0                usbStart
 *fill*         0x000000000800ecf4        0xc 
 .text.usbStop  0x000000000800ed00       0x1c build/obj/usb.o
                0x000000000800ed00                usbStop
 *fill*         0x000000000800ed1c        0x4 
 .text.usbInitEndpointI
                0x000000000800ed20       0x30 build/obj/usb.o
                0x000000000800ed20                usbInitEndpointI
 .text.usbPrepareQueuedReceive
                0x000000000800ed50       0x1c build/obj/usb.o
                0x000000000800ed50                usbPrepareQueuedReceive
 *fill*         0x000000000800ed6c        0x4 
 .text.usbPrepareQueuedTransmit
                0x000000000800ed70       0x1c build/obj/usb.o
                0x000000000800ed70                usbPrepareQueuedTransmit
 *fill*         0x000000000800ed8c        0x4 
 .text.usbStartReceiveI
                0x000000000800ed90       0x24 build/obj/usb.o
                0x000000000800ed90                usbStartReceiveI
 *fill*         0x000000000800edb4        0xc 
 .text.usbStartTransmitI
                0x000000000800edc0       0x24 build/obj/usb.o
                0x000000000800edc0                usbStartTransmitI
 *fill*         0x000000000800ede4        0xc 
 .text._usb_reset
                0x000000000800edf0       0x1c build/obj/usb.o
                0x000000000800edf0                _usb_reset
 *fill*         0x000000000800ee0c        0x4 
 .text._usb_ep0setup
                0x000000000800ee10      0x340 build/obj/usb.o
                0x000000000800ee10                _usb_ep0setup
 .text._usb_ep0in
                0x000000000800f150       0xe4 build/obj/usb.o
                0x000000000800f150                _usb_ep0in
 *fill*         0x000000000800f234        0xc 
 .text._usb_ep0out
                0x000000000800f240       0x98 build/obj/usb.o
                0x000000000800f240                _usb_ep0out
 *fill*         0x000000000800f2d8        0x8 
 .text.nvicEnableVector
                0x000000000800f2e0       0x34 build/obj/nvic.o
                0x000000000800f2e0                nvicEnableVector
 *fill*         0x000000000800f314        0xc 
 .text.nvicDisableVector
                0x000000000800f320       0x28 build/obj/nvic.o
                0x000000000800f320                nvicDisableVector
 *fill*         0x000000000800f348        0x8 
 .text.nvicSetSystemHandlerPriority
                0x000000000800f350       0x10 build/obj/nvic.o
                0x000000000800f350                nvicSetSystemHandlerPriority
 .text.Vector6C
                0x000000000800f360       0x28 build/obj/stm32_dma.o
                0x000000000800f360                Vector6C
 *fill*         0x000000000800f388        0x8 
 .text.Vector70
                0x000000000800f390       0x2c build/obj/stm32_dma.o
                0x000000000800f390                Vector70
 *fill*         0x000000000800f3bc        0x4 
 .text.Vector74
                0x000000000800f3c0       0x2c build/obj/stm32_dma.o
                0x000000000800f3c0                Vector74
 *fill*         0x000000000800f3ec        0x4 
 .text.Vector78
                0x000000000800f3f0       0x2c build/obj/stm32_dma.o
                0x000000000800f3f0                Vector78
 *fill*         0x000000000800f41c        0x4 
 .text.Vector7C
                0x000000000800f420       0x28 build/obj/stm32_dma.o
                0x000000000800f420                Vector7C
 *fill*         0x000000000800f448        0x8 
 .text.Vector80
                0x000000000800f450       0x2c build/obj/stm32_dma.o
                0x000000000800f450                Vector80
 *fill*         0x000000000800f47c        0x4 
 .text.Vector84
                0x000000000800f480       0x2c build/obj/stm32_dma.o
                0x000000000800f480                Vector84
 *fill*         0x000000000800f4ac        0x4 
 .text.VectorFC
                0x000000000800f4b0       0x2c build/obj/stm32_dma.o
                0x000000000800f4b0                VectorFC
 *fill*         0x000000000800f4dc        0x4 
 .text.Vector120
                0x000000000800f4e0       0x28 build/obj/stm32_dma.o
                0x000000000800f4e0                Vector120
 *fill*         0x000000000800f508        0x8 
 .text.Vector124
                0x000000000800f510       0x2c build/obj/stm32_dma.o
                0x000000000800f510                Vector124
 *fill*         0x000000000800f53c        0x4 
 .text.Vector128
                0x000000000800f540       0x2c build/obj/stm32_dma.o
                0x000000000800f540                Vector128
 *fill*         0x000000000800f56c        0x4 
 .text.Vector12C
                0x000000000800f570       0x2c build/obj/stm32_dma.o
                0x000000000800f570                Vector12C
 *fill*         0x000000000800f59c        0x4 
 .text.Vector130
                0x000000000800f5a0       0x28 build/obj/stm32_dma.o
                0x000000000800f5a0                Vector130
 *fill*         0x000000000800f5c8        0x8 
 .text.Vector150
                0x000000000800f5d0       0x2c build/obj/stm32_dma.o
                0x000000000800f5d0                Vector150
 *fill*         0x000000000800f5fc        0x4 
 .text.Vector154
                0x000000000800f600       0x2c build/obj/stm32_dma.o
                0x000000000800f600                Vector154
 *fill*         0x000000000800f62c        0x4 
 .text.Vector158
                0x000000000800f630       0x2c build/obj/stm32_dma.o
                0x000000000800f630                Vector158
 *fill*         0x000000000800f65c        0x4 
 .text.dmaInit  0x000000000800f660       0x54 build/obj/stm32_dma.o
                0x000000000800f660                dmaInit
 *fill*         0x000000000800f6b4        0xc 
 .text.dmaStreamAllocate
                0x000000000800f6c0       0x90 build/obj/stm32_dma.o
                0x000000000800f6c0                dmaStreamAllocate
 .text.dmaStreamRelease
                0x000000000800f750       0x44 build/obj/stm32_dma.o
                0x000000000800f750                dmaStreamRelease
 *fill*         0x000000000800f794        0xc 
 .text.hal_lld_init
                0x000000000800f7a0       0x6c build/obj/hal_lld.o
                0x000000000800f7a0                hal_lld_init
 *fill*         0x000000000800f80c        0x4 
 .text.stm32_clock_init
                0x000000000800f810       0xc0 build/obj/hal_lld.o
                0x000000000800f810                stm32_clock_init
 .text.SysTick_Handler
                0x000000000800f8d0       0x1c build/obj/st_lld.o
                0x000000000800f8d0                SysTick_Handler
 *fill*         0x000000000800f8ec        0x4 
 .text.st_lld_init
                0x000000000800f8f0       0x1c build/obj/st_lld.o
                0x000000000800f8f0                st_lld_init
 *fill*         0x000000000800f90c        0x4 
 .text.can_lld_set_filters
                0x000000000800f910      0x11c build/obj/can_lld.o
 *fill*         0x000000000800fa2c        0x4 
 .text.Vector8C
                0x000000000800fa30       0x3c build/obj/can_lld.o
                0x000000000800fa30                Vector8C
 *fill*         0x000000000800fa6c        0x4 
 .text.Vector90
                0x000000000800fa70       0x64 build/obj/can_lld.o
                0x000000000800fa70                Vector90
 *fill*         0x000000000800fad4        0xc 
 .text.Vector94
                0x000000000800fae0       0x64 build/obj/can_lld.o
                0x000000000800fae0                Vector94
 *fill*         0x000000000800fb44        0xc 
 .text.Vector98
                0x000000000800fb50       0x78 build/obj/can_lld.o
                0x000000000800fb50                Vector98
 *fill*         0x000000000800fbc8        0x8 
 .text.can_lld_init
                0x000000000800fbd0       0x24 build/obj/can_lld.o
                0x000000000800fbd0                can_lld_init
 *fill*         0x000000000800fbf4        0xc 
 .text.can_lld_start
                0x000000000800fc00       0x70 build/obj/can_lld.o
                0x000000000800fc00                can_lld_start
 .text.can_lld_stop
                0x000000000800fc70       0x50 build/obj/can_lld.o
                0x000000000800fc70                can_lld_stop
 .text.can_lld_is_tx_empty
                0x000000000800fcc0       0x40 build/obj/can_lld.o
                0x000000000800fcc0                can_lld_is_tx_empty
 .text.can_lld_transmit
                0x000000000800fd00       0x70 build/obj/can_lld.o
                0x000000000800fd00                can_lld_transmit
 .text.can_lld_is_rx_nonempty
                0x000000000800fd70       0x38 build/obj/can_lld.o
                0x000000000800fd70                can_lld_is_rx_nonempty
 *fill*         0x000000000800fda8        0x8 
 .text.can_lld_receive
                0x000000000800fdb0       0xb0 build/obj/can_lld.o
                0x000000000800fdb0                can_lld_receive
 .text._pal_lld_init
                0x000000000800fe60      0x1b0 build/obj/pal_lld.o
                0x000000000800fe60                _pal_lld_init
 .text._pal_lld_setgroupmode
                0x0000000008010010       0xbc build/obj/pal_lld.o
                0x0000000008010010                _pal_lld_setgroupmode
 *fill*         0x00000000080100cc        0x4 
 .text.i2c_lld_serve_tx_end_irq
                0x00000000080100d0       0x40 build/obj/i2c_lld.o
 .text.i2c_lld_serve_rx_end_irq
                0x0000000008010110       0x64 build/obj/i2c_lld.o
 *fill*         0x0000000008010174        0xc 
 .text.VectorC4
                0x0000000008010180       0xf4 build/obj/i2c_lld.o
                0x0000000008010180                VectorC4
 *fill*         0x0000000008010274        0xc 
 .text.VectorC8
                0x0000000008010280       0xdc build/obj/i2c_lld.o
                0x0000000008010280                VectorC8
 *fill*         0x000000000801035c        0x4 
 .text.i2c_lld_init
                0x0000000008010360       0x2c build/obj/i2c_lld.o
                0x0000000008010360                i2c_lld_init
 *fill*         0x000000000801038c        0x4 
 .text.i2c_lld_start
                0x0000000008010390      0x164 build/obj/i2c_lld.o
                0x0000000008010390                i2c_lld_start
 *fill*         0x00000000080104f4        0xc 
 .text.i2c_lld_stop
                0x0000000008010500       0x88 build/obj/i2c_lld.o
                0x0000000008010500                i2c_lld_stop
 *fill*         0x0000000008010588        0x8 
 .text.i2c_lld_master_receive_timeout
                0x0000000008010590       0x74 build/obj/i2c_lld.o
                0x0000000008010590                i2c_lld_master_receive_timeout
 *fill*         0x0000000008010604        0xc 
 .text.i2c_lld_master_transmit_timeout
                0x0000000008010610       0x90 build/obj/i2c_lld.o
                0x0000000008010610                i2c_lld_master_transmit_timeout
 .text.usb_lld_pump
                0x00000000080106a0      0x38c build/obj/usb_lld.o
                0x00000000080106a0                usb_lld_pump
 *fill*         0x0000000008010a2c        0x4 
 .text.otg_disable_ep.isra.0
                0x0000000008010a30       0x74 build/obj/usb_lld.o
 *fill*         0x0000000008010aa4        0xc 
 .text.usb_lld_init
                0x0000000008010ab0       0x24 build/obj/usb_lld.o
                0x0000000008010ab0                usb_lld_init
 *fill*         0x0000000008010ad4        0xc 
 .text.usb_lld_start
                0x0000000008010ae0       0xe4 build/obj/usb_lld.o
                0x0000000008010ae0                usb_lld_start
 *fill*         0x0000000008010bc4        0xc 
 .text.usb_lld_stop
                0x0000000008010bd0       0x44 build/obj/usb_lld.o
                0x0000000008010bd0                usb_lld_stop
 *fill*         0x0000000008010c14        0xc 
 .text.usb_lld_reset
                0x0000000008010c20       0xbc build/obj/usb_lld.o
                0x0000000008010c20                usb_lld_reset
 *fill*         0x0000000008010cdc        0x4 
 .text.usb_lld_set_address
                0x0000000008010ce0       0x18 build/obj/usb_lld.o
                0x0000000008010ce0                usb_lld_set_address
 *fill*         0x0000000008010cf8        0x8 
 .text.usb_lld_init_endpoint
                0x0000000008010d00      0x164 build/obj/usb_lld.o
                0x0000000008010d00                usb_lld_init_endpoint
 *fill*         0x0000000008010e64        0xc 
 .text.usb_lld_get_status_out
                0x0000000008010e70       0x1c build/obj/usb_lld.o
                0x0000000008010e70                usb_lld_get_status_out
 *fill*         0x0000000008010e8c        0x4 
 .text.usb_lld_get_status_in
                0x0000000008010e90       0x1c build/obj/usb_lld.o
                0x0000000008010e90                usb_lld_get_status_in
 *fill*         0x0000000008010eac        0x4 
 .text.usb_lld_read_setup
                0x0000000008010eb0       0x14 build/obj/usb_lld.o
                0x0000000008010eb0                usb_lld_read_setup
 *fill*         0x0000000008010ec4        0xc 
 .text.usb_lld_prepare_receive
                0x0000000008010ed0       0x40 build/obj/usb_lld.o
                0x0000000008010ed0                usb_lld_prepare_receive
 .text.otg_epout_handler.constprop.7
                0x0000000008010f10       0x9c build/obj/usb_lld.o
 *fill*         0x0000000008010fac        0x4 
 .text.usb_lld_prepare_transmit
                0x0000000008010fb0       0x4c build/obj/usb_lld.o
                0x0000000008010fb0                usb_lld_prepare_transmit
 *fill*         0x0000000008010ffc        0x4 
 .text.otg_epin_handler.constprop.8
                0x0000000008011000       0xd0 build/obj/usb_lld.o
 .text.Vector14C
                0x00000000080110d0       0xf4 build/obj/usb_lld.o
                0x00000000080110d0                Vector14C
 *fill*         0x00000000080111c4        0xc 
 .text.usb_lld_start_out
                0x00000000080111d0       0x14 build/obj/usb_lld.o
                0x00000000080111d0                usb_lld_start_out
 *fill*         0x00000000080111e4        0xc 
 .text.usb_lld_start_in
                0x00000000080111f0       0x2c build/obj/usb_lld.o
                0x00000000080111f0                usb_lld_start_in
 *fill*         0x000000000801121c        0x4 
 .text.usb_lld_stall_out
                0x0000000008011220       0x14 build/obj/usb_lld.o
                0x0000000008011220                usb_lld_stall_out
 *fill*         0x0000000008011234        0xc 
 .text.usb_lld_stall_in
                0x0000000008011240       0x14 build/obj/usb_lld.o
                0x0000000008011240                usb_lld_stall_in
 *fill*         0x0000000008011254        0xc 
 .text.usb_lld_clear_out
                0x0000000008011260       0x14 build/obj/usb_lld.o
                0x0000000008011260                usb_lld_clear_out
 *fill*         0x0000000008011274        0xc 
 .text.usb_lld_clear_in
                0x0000000008011280       0x14 build/obj/usb_lld.o
                0x0000000008011280                usb_lld_clear_in
 *fill*         0x0000000008011294        0xc 
 .text.spi_lld_init
                0x00000000080112a0       0x44 build/obj/spi_lld.o
                0x00000000080112a0                spi_lld_init
 *fill*         0x00000000080112e4        0xc 
 .text.VectorB8
                0x00000000080112f0       0xa0 build/obj/icu_lld.o
                0x00000000080112f0                VectorB8
 .text.icu_lld_init
                0x0000000008011390       0x18 build/obj/icu_lld.o
                0x0000000008011390                icu_lld_init
 *fill*         0x00000000080113a8        0x8 
 .text.icu_lld_start
                0x00000000080113b0       0xbc build/obj/icu_lld.o
                0x00000000080113b0                icu_lld_start
 *fill*         0x000000000801146c        0x4 
 .text.icu_lld_stop
                0x0000000008011470       0x34 build/obj/icu_lld.o
                0x0000000008011470                icu_lld_stop
 *fill*         0x00000000080114a4        0xc 
 .text.icu_lld_start_capture
                0x00000000080114b0       0x14 build/obj/icu_lld.o
                0x00000000080114b0                icu_lld_start_capture
 *fill*         0x00000000080114c4        0xc 
 .text.icu_lld_enable_notifications
                0x00000000080114d0       0x3c build/obj/icu_lld.o
                0x00000000080114d0                icu_lld_enable_notifications
 *fill*         0x000000000801150c        0x4 
 .text.notify3  0x0000000008011510       0x10 build/obj/serial_lld.o
 .text.notify4  0x0000000008011520       0x10 build/obj/serial_lld.o
 .text.notify6  0x0000000008011530       0x10 build/obj/serial_lld.o
 .text.serve_interrupt
                0x0000000008011540      0x114 build/obj/serial_lld.o
 *fill*         0x0000000008011654        0xc 
 .text.VectorDC
                0x0000000008011660       0x14 build/obj/serial_lld.o
                0x0000000008011660                VectorDC
 *fill*         0x0000000008011674        0xc 
 .text.Vector110
                0x0000000008011680       0x14 build/obj/serial_lld.o
                0x0000000008011680                Vector110
 *fill*         0x0000000008011694        0xc 
 .text.Vector15C
                0x00000000080116a0       0x14 build/obj/serial_lld.o
                0x00000000080116a0                Vector15C
 *fill*         0x00000000080116b4        0xc 
 .text.sd_lld_init
                0x00000000080116c0       0x60 build/obj/serial_lld.o
                0x00000000080116c0                sd_lld_init
 .text.sd_lld_start
                0x0000000008011720       0xd0 build/obj/serial_lld.o
                0x0000000008011720                sd_lld_start
 .text.sd_lld_stop
                0x00000000080117f0       0x68 build/obj/serial_lld.o
                0x00000000080117f0                sd_lld_stop
 *fill*         0x0000000008011858        0x8 
 .text._sbrk_r  0x0000000008011860       0x18 build/obj/syscalls.o
                0x0000000008011860                _sbrk_r
 *fill*         0x0000000008011878        0x8 
 .text.__early_init
                0x0000000008011880        0x4 build/obj/board.o
                0x0000000008011880                __early_init
 *fill*         0x0000000008011884        0xc 
 .text.boardInit
                0x0000000008011890        0x4 build/obj/board.o
                0x0000000008011890                boardInit
 *fill*         0x0000000008011894        0xc 
 .text.flash_integrity_check_thread
                0x00000000080118a0       0x50 build/obj/main.o
 .text.timer_thread
                0x00000000080118f0       0x24 build/obj/main.o
 *fill*         0x0000000008011914        0xc 
 .text.periodic_thread
                0x0000000008011920      0x130 build/obj/main.o
 .text.startup.main
                0x0000000008011a50       0xe4 build/obj/main.o
                0x0000000008011a50                main
 *fill*         0x0000000008011b34        0xc 
 .text.get_descriptor
                0x0000000008011b40       0x30 build/obj/comm_usb_serial.o
 .text.usb_event
                0x0000000008011b70       0x40 build/obj/comm_usb_serial.o
 .text.comm_usb_serial_init
                0x0000000008011bb0       0x6c build/obj/comm_usb_serial.o
                0x0000000008011bb0                comm_usb_serial_init
 *fill*         0x0000000008011c1c        0x4 
 .text.Vector88
                0x0000000008011c20       0x1c build/obj/irq_handlers.o
                0x0000000008011c20                Vector88
 *fill*         0x0000000008011c3c        0x4 
 .text.Vector9C
                0x0000000008011c40       0x20 build/obj/irq_handlers.o
                0x0000000008011c40                Vector9C
 .text.VectorB4
                0x0000000008011c60       0x24 build/obj/irq_handlers.o
                0x0000000008011c60                VectorB4
 *fill*         0x0000000008011c84        0xc 
 .text.VectorF8
                0x0000000008011c90       0x24 build/obj/irq_handlers.o
                0x0000000008011c90                VectorF8
 *fill*         0x0000000008011cb4        0xc 
 .text.Vector44
                0x0000000008011cc0       0x28 build/obj/irq_handlers.o
                0x0000000008011cc0                Vector44
 *fill*         0x0000000008011ce8        0x8 
 .text.buffer_append_int16
                0x0000000008011cf0       0x18 build/obj/buffer.o
                0x0000000008011cf0                buffer_append_int16
 *fill*         0x0000000008011d08        0x8 
 .text.buffer_append_uint16
                0x0000000008011d10       0x18 build/obj/buffer.o
                0x0000000008011d10                buffer_append_uint16
 *fill*         0x0000000008011d28        0x8 
 .text.buffer_append_int32
                0x0000000008011d30       0x2c build/obj/buffer.o
                0x0000000008011d30                buffer_append_int32
 *fill*         0x0000000008011d5c        0x4 
 .text.buffer_append_uint32
                0x0000000008011d60       0x2c build/obj/buffer.o
                0x0000000008011d60                buffer_append_uint32
 *fill*         0x0000000008011d8c        0x4 
 .text.buffer_append_float16
                0x0000000008011d90       0x28 build/obj/buffer.o
                0x0000000008011d90                buffer_append_float16
 *fill*         0x0000000008011db8        0x8 
 .text.buffer_append_float32
                0x0000000008011dc0       0x14 build/obj/buffer.o
                0x0000000008011dc0                buffer_append_float32
 *fill*         0x0000000008011dd4        0xc 
 .text.buffer_append_float32_auto
                0x0000000008011de0       0x78 build/obj/buffer.o
                0x0000000008011de0                buffer_append_float32_auto
 *fill*         0x0000000008011e58        0x8 
 .text.buffer_get_int16
                0x0000000008011e60       0x1c build/obj/buffer.o
                0x0000000008011e60                buffer_get_int16
 *fill*         0x0000000008011e7c        0x4 
 .text.buffer_get_uint16
                0x0000000008011e80       0x14 build/obj/buffer.o
                0x0000000008011e80                buffer_get_uint16
 *fill*         0x0000000008011e94        0xc 
 .text.buffer_get_int32
                0x0000000008011ea0       0x24 build/obj/buffer.o
                0x0000000008011ea0                buffer_get_int32
 *fill*         0x0000000008011ec4        0xc 
 .text.buffer_get_uint32
                0x0000000008011ed0       0x24 build/obj/buffer.o
                0x0000000008011ed0                buffer_get_uint32
 *fill*         0x0000000008011ef4        0xc 
 .text.buffer_get_float32
                0x0000000008011f00       0x14 build/obj/buffer.o
                0x0000000008011f00                buffer_get_float32
 *fill*         0x0000000008011f14        0xc 
 .text.buffer_get_float32_auto
                0x0000000008011f20       0x48 build/obj/buffer.o
                0x0000000008011f20                buffer_get_float32_auto
 *fill*         0x0000000008011f68        0x8 
 .text.send_packet_raw
                0x0000000008011f70       0x1c build/obj/comm_usb.o
 *fill*         0x0000000008011f8c        0x4 
 .text.serial_process_thread
                0x0000000008011f90       0x60 build/obj/comm_usb.o
 .text.serial_read_thread
                0x0000000008011ff0       0x74 build/obj/comm_usb.o
 *fill*         0x0000000008012064        0xc 
 .text.process_packet
                0x0000000008012070        0xc build/obj/comm_usb.o
 *fill*         0x000000000801207c        0x4 
 .text.comm_usb_send_packet
                0x0000000008012080       0x28 build/obj/comm_usb.o
                0x0000000008012080                comm_usb_send_packet
 *fill*         0x00000000080120a8        0x8 
 .text.comm_usb_init
                0x00000000080120b0       0x5c build/obj/comm_usb.o
                0x00000000080120b0                comm_usb_init
 *fill*         0x000000000801210c        0x4 
 .text.crc16    0x0000000008012110       0x30 build/obj/crc.o
                0x0000000008012110                crc16
 .text.crc32    0x0000000008012140       0x20 build/obj/crc.o
                0x0000000008012140                crc32
 .text.crc32_reset
                0x0000000008012160       0x10 build/obj/crc.o
                0x0000000008012160                crc32_reset
 .text.filter_fft
                0x0000000008012170      0x1f0 build/obj/digital_filter.o
                0x0000000008012170                filter_fft
 .text.filter_hamming
                0x0000000008012360       0xd4 build/obj/digital_filter.o
                0x0000000008012360                filter_hamming
 *fill*         0x0000000008012434        0xc 
 .text.filter_create_fir_lowpass
                0x0000000008012440       0xbc build/obj/digital_filter.o
                0x0000000008012440                filter_create_fir_lowpass
 *fill*         0x00000000080124fc        0x4 
 .text.filter_run_fir_iteration
                0x0000000008012500       0x4c build/obj/digital_filter.o
                0x0000000008012500                filter_run_fir_iteration
 *fill*         0x000000000801254c        0x4 
 .text.filter_add_sample
                0x0000000008012550       0x24 build/obj/digital_filter.o
                0x0000000008012550                filter_add_sample
 *fill*         0x0000000008012574        0xc 
 .text.ledpwm_init
                0x0000000008012580       0x64 build/obj/ledpwm.o
                0x0000000008012580                ledpwm_init
 *fill*         0x00000000080125e4        0xc 
 .text.ledpwm_set_intensity
                0x00000000080125f0       0x50 build/obj/ledpwm.o
                0x00000000080125f0                ledpwm_set_intensity
 .text.ledpwm_update_pwm
                0x0000000008012640       0x40 build/obj/ledpwm.o
                0x0000000008012640                ledpwm_update_pwm
 .text.update_adc_sample_pos
                0x0000000008012680      0x1dc build/obj/mcpwm.o
 *fill*         0x000000000801285c        0x4 
 .text.update_timer_attempt
                0x0000000008012860       0x7c build/obj/mcpwm.o
 *fill*         0x00000000080128dc        0x4 
 .text.set_next_timer_settings
                0x00000000080128e0       0x2c build/obj/mcpwm.o
 *fill*         0x000000000801290c        0x4 
 .text.set_switching_frequency
                0x0000000008012910       0x54 build/obj/mcpwm.o
 *fill*         0x0000000008012964        0xc 
 .text.set_duty_cycle_hw
                0x0000000008012970      0x118 build/obj/mcpwm.o
 *fill*         0x0000000008012a88        0x8 
 .text.set_next_comm_step
                0x0000000008012a90      0x460 build/obj/mcpwm.o
 .text.full_brake_hw
                0x0000000008012ef0       0x80 build/obj/mcpwm.o
 .text.stop_pwm_hw
                0x0000000008012f70       0x80 build/obj/mcpwm.o
 .text.update_rpm_tacho
                0x0000000008012ff0       0xa4 build/obj/mcpwm.o
 *fill*         0x0000000008013094        0xc 
 .text.timer_thread
                0x00000000080130a0      0x24c build/obj/mcpwm.o
 *fill*         0x00000000080132ec        0x4 
 .text.mcpwm_get_rpm.part.0
                0x00000000080132f0       0x24 build/obj/mcpwm.o
 *fill*         0x0000000008013314        0xc 
 .text.update_sensor_mode
                0x0000000008013320       0x5c build/obj/mcpwm.o
 *fill*         0x000000000801337c        0x4 
 .text.commutate
                0x0000000008013380       0xec build/obj/mcpwm.o
 *fill*         0x000000000801346c        0x4 
 .text.mcpwm_deinit
                0x0000000008013470       0x70 build/obj/mcpwm.o
                0x0000000008013470                mcpwm_deinit
 .text.mcpwm_init_done
                0x00000000080134e0        0xc build/obj/mcpwm.o
                0x00000000080134e0                mcpwm_init_done
 *fill*         0x00000000080134ec        0x4 
 .text.mcpwm_init_hall_table
                0x00000000080134f0       0x48 build/obj/mcpwm.o
                0x00000000080134f0                mcpwm_init_hall_table
 *fill*         0x0000000008013538        0x8 
 .text.mcpwm_init
                0x0000000008013540      0x658 build/obj/mcpwm.o
                0x0000000008013540                mcpwm_init
 *fill*         0x0000000008013b98        0x8 
 .text.mcpwm_set_configuration
                0x0000000008013ba0       0x50 build/obj/mcpwm.o
                0x0000000008013ba0                mcpwm_set_configuration
 .text.mcpwm_set_pid_speed
                0x0000000008013bf0       0x18 build/obj/mcpwm.o
                0x0000000008013bf0                mcpwm_set_pid_speed
 *fill*         0x0000000008013c08        0x8 
 .text.mcpwm_set_brake_current
                0x0000000008013c10       0xd8 build/obj/mcpwm.o
                0x0000000008013c10                mcpwm_set_brake_current
 *fill*         0x0000000008013ce8        0x8 
 .text.mcpwm_get_comm_step
                0x0000000008013cf0        0xc build/obj/mcpwm.o
                0x0000000008013cf0                mcpwm_get_comm_step
 *fill*         0x0000000008013cfc        0x4 
 .text.mcpwm_get_duty_cycle_now
                0x0000000008013d00        0xc build/obj/mcpwm.o
                0x0000000008013d00                mcpwm_get_duty_cycle_now
 *fill*         0x0000000008013d0c        0x4 
 .text.mcpwm_get_switching_frequency_now
                0x0000000008013d10        0xc build/obj/mcpwm.o
                0x0000000008013d10                mcpwm_get_switching_frequency_now
 *fill*         0x0000000008013d1c        0x4 
 .text.mcpwm_get_rpm
                0x0000000008013d20       0x2c build/obj/mcpwm.o
                0x0000000008013d20                mcpwm_get_rpm
 *fill*         0x0000000008013d4c        0x4 
 .text.mcpwm_get_state
                0x0000000008013d50        0xc build/obj/mcpwm.o
                0x0000000008013d50                mcpwm_get_state
 *fill*         0x0000000008013d5c        0x4 
 .text.mcpwm_get_kv_filtered
                0x0000000008013d60       0x1c build/obj/mcpwm.o
                0x0000000008013d60                mcpwm_get_kv_filtered
 *fill*         0x0000000008013d7c        0x4 
 .text.mcpwm_get_tot_current
                0x0000000008013d80        0xc build/obj/mcpwm.o
                0x0000000008013d80                mcpwm_get_tot_current
 *fill*         0x0000000008013d8c        0x4 
 .text.mcpwm_get_tot_current_filtered
                0x0000000008013d90        0xc build/obj/mcpwm.o
                0x0000000008013d90                mcpwm_get_tot_current_filtered
 *fill*         0x0000000008013d9c        0x4 
 .text.mcpwm_get_tot_current_directional
                0x0000000008013da0       0x24 build/obj/mcpwm.o
                0x0000000008013da0                mcpwm_get_tot_current_directional
 *fill*         0x0000000008013dc4        0xc 
 .text.mcpwm_get_tot_current_directional_filtered
                0x0000000008013dd0       0x24 build/obj/mcpwm.o
                0x0000000008013dd0                mcpwm_get_tot_current_directional_filtered
 *fill*         0x0000000008013df4        0xc 
 .text.mcpwm_get_tot_current_in_filtered
                0x0000000008013e00       0x20 build/obj/mcpwm.o
                0x0000000008013e00                mcpwm_get_tot_current_in_filtered
 .text.mcpwm_get_tachometer_value
                0x0000000008013e20       0x14 build/obj/mcpwm.o
                0x0000000008013e20                mcpwm_get_tachometer_value
 *fill*         0x0000000008013e34        0xc 
 .text.mcpwm_get_tachometer_abs_value
                0x0000000008013e40       0x14 build/obj/mcpwm.o
                0x0000000008013e40                mcpwm_get_tachometer_abs_value
 *fill*         0x0000000008013e54        0xc 
 .text.mcpwm_stop_pwm
                0x0000000008013e60       0x28 build/obj/mcpwm.o
                0x0000000008013e60                mcpwm_stop_pwm
 *fill*         0x0000000008013e88        0x8 
 .text.mcpwm_adc_inj_int_handler
                0x0000000008013e90      0x468 build/obj/mcpwm.o
                0x0000000008013e90                mcpwm_adc_inj_int_handler
 *fill*         0x00000000080142f8        0x8 
 .text.mcpwm_set_detect
                0x0000000008014300       0x60 build/obj/mcpwm.o
                0x0000000008014300                mcpwm_set_detect
 .text.mcpwm_get_detect_pos
                0x0000000008014360      0x110 build/obj/mcpwm.o
                0x0000000008014360                mcpwm_get_detect_pos
 .text.mcpwm_read_reset_avg_cycle_integrator
                0x0000000008014470       0x20 build/obj/mcpwm.o
                0x0000000008014470                mcpwm_read_reset_avg_cycle_integrator
 .text.mcpwm_get_last_adc_isr_duration
                0x0000000008014490        0xc build/obj/mcpwm.o
                0x0000000008014490                mcpwm_get_last_adc_isr_duration
 *fill*         0x000000000801449c        0x4 
 .text.mcpwm_get_last_inj_adc_isr_duration
                0x00000000080144a0        0xc build/obj/mcpwm.o
                0x00000000080144a0                mcpwm_get_last_inj_adc_isr_duration
 *fill*         0x00000000080144ac        0x4 
 .text.mcpwm_get_rpm_dep
                0x00000000080144b0       0x20 build/obj/mcpwm.o
                0x00000000080144b0                mcpwm_get_rpm_dep
 .text.mcpwm_is_dccal_done
                0x00000000080144d0        0xc build/obj/mcpwm.o
                0x00000000080144d0                mcpwm_is_dccal_done
 *fill*         0x00000000080144dc        0x4 
 .text.mcpwm_switch_comm_mode
                0x00000000080144e0        0xc build/obj/mcpwm.o
                0x00000000080144e0                mcpwm_switch_comm_mode
 *fill*         0x00000000080144ec        0x4 
 .text.mcpwm_reset_hall_detect_table
                0x00000000080144f0       0x10 build/obj/mcpwm.o
                0x00000000080144f0                mcpwm_reset_hall_detect_table
 .text.mcpwm_get_hall_detect_result
                0x0000000008014500       0xb8 build/obj/mcpwm.o
                0x0000000008014500                mcpwm_get_hall_detect_result
 *fill*         0x00000000080145b8        0x8 
 .text.mcpwm_read_hall_phase
                0x00000000080145c0       0x38 build/obj/mcpwm.o
                0x00000000080145c0                mcpwm_read_hall_phase
 *fill*         0x00000000080145f8        0x8 
 .text.set_duty_cycle_ll
                0x0000000008014600      0x1a4 build/obj/mcpwm.o
 *fill*         0x00000000080147a4        0xc 
 .text.set_duty_cycle_hl
                0x00000000080147b0      0x10c build/obj/mcpwm.o
 *fill*         0x00000000080148bc        0x4 
 .text.mcpwm_set_duty
                0x00000000080148c0       0x10 build/obj/mcpwm.o
                0x00000000080148c0                mcpwm_set_duty
 .text.rpm_thread
                0x00000000080148d0      0x3c8 build/obj/mcpwm.o
 *fill*         0x0000000008014c98        0x8 
 .text.mcpwm_set_pid_pos
                0x0000000008014ca0       0x34 build/obj/mcpwm.o
                0x0000000008014ca0                mcpwm_set_pid_pos
 *fill*         0x0000000008014cd4        0xc 
 .text.mcpwm_set_current
                0x0000000008014ce0       0xa8 build/obj/mcpwm.o
                0x0000000008014ce0                mcpwm_set_current
 *fill*         0x0000000008014d88        0x8 
 .text.mcpwm_adc_int_handler
                0x0000000008014d90      0xcdc build/obj/mcpwm.o
                0x0000000008014d90                mcpwm_adc_int_handler
 *fill*         0x0000000008015a6c        0x4 
 .text.icuperiodcb
                0x0000000008015a70        0x4 build/obj/servo_dec.o
 *fill*         0x0000000008015a74        0xc 
 .text.icuwidthcb
                0x0000000008015a80      0x13c build/obj/servo_dec.o
 *fill*         0x0000000008015bbc        0x4 
 .text.servodec_init
                0x0000000008015bc0       0x58 build/obj/servo_dec.o
                0x0000000008015bc0                servodec_init
 *fill*         0x0000000008015c18        0x8 
 .text.servodec_stop
                0x0000000008015c20       0x54 build/obj/servo_dec.o
                0x0000000008015c20                servodec_stop
 *fill*         0x0000000008015c74        0xc 
 .text.servodec_set_pulse_options
                0x0000000008015c80       0x20 build/obj/servo_dec.o
                0x0000000008015c80                servodec_set_pulse_options
 .text.servodec_get_servo
                0x0000000008015ca0       0x1c build/obj/servo_dec.o
                0x0000000008015ca0                servodec_get_servo
 *fill*         0x0000000008015cbc        0x4 
 .text.servodec_get_time_since_update
                0x0000000008015cc0       0x20 build/obj/servo_dec.o
                0x0000000008015cc0                servodec_get_time_since_update
 .text.servodec_get_last_pulse_len
                0x0000000008015ce0       0x1c build/obj/servo_dec.o
                0x0000000008015ce0                servodec_get_last_pulse_len
 *fill*         0x0000000008015cfc        0x4 
 .text.utils_step_towards
                0x0000000008015d00       0x38 build/obj/utils.o
                0x0000000008015d00                utils_step_towards
 *fill*         0x0000000008015d38        0x8 
 .text.utils_norm_angle
                0x0000000008015d40       0x34 build/obj/utils.o
                0x0000000008015d40                utils_norm_angle
 *fill*         0x0000000008015d74        0xc 
 .text.utils_norm_angle_rad
                0x0000000008015d80       0x5c build/obj/utils.o
                0x0000000008015d80                utils_norm_angle_rad
 *fill*         0x0000000008015ddc        0x4 
 .text.utils_truncate_number
                0x0000000008015de0       0x2c build/obj/utils.o
                0x0000000008015de0                utils_truncate_number
 *fill*         0x0000000008015e0c        0x4 
 .text.utils_truncate_number_int
                0x0000000008015e10       0x18 build/obj/utils.o
                0x0000000008015e10                utils_truncate_number_int
 *fill*         0x0000000008015e28        0x8 
 .text.utils_truncate_number_abs
                0x0000000008015e30       0x28 build/obj/utils.o
                0x0000000008015e30                utils_truncate_number_abs
 *fill*         0x0000000008015e58        0x8 
 .text.utils_map
                0x0000000008015e60       0x1c build/obj/utils.o
                0x0000000008015e60                utils_map
 *fill*         0x0000000008015e7c        0x4 
 .text.utils_deadband
                0x0000000008015e80       0x48 build/obj/utils.o
                0x0000000008015e80                utils_deadband
 *fill*         0x0000000008015ec8        0x8 
 .text.utils_angle_difference
                0x0000000008015ed0       0x54 build/obj/utils.o
                0x0000000008015ed0                utils_angle_difference
 *fill*         0x0000000008015f24        0xc 
 .text.utils_angle_difference_rad
                0x0000000008015f30       0x54 build/obj/utils.o
                0x0000000008015f30                utils_angle_difference_rad
 *fill*         0x0000000008015f84        0xc 
 .text.utils_middle_of_3
                0x0000000008015f90       0x6c build/obj/utils.o
                0x0000000008015f90                utils_middle_of_3
 *fill*         0x0000000008015ffc        0x4 
 .text.utils_middle_of_3_int
                0x0000000008016000       0x34 build/obj/utils.o
                0x0000000008016000                utils_middle_of_3_int
 *fill*         0x0000000008016034        0xc 
 .text.utils_fast_atan2
                0x0000000008016040       0x7c build/obj/utils.o
                0x0000000008016040                utils_fast_atan2
 *fill*         0x00000000080160bc        0x4 
 .text.utils_saturate_vector_2d
                0x00000000080160c0       0x90 build/obj/utils.o
                0x00000000080160c0                utils_saturate_vector_2d
 .text.utils_fast_sincos_better
                0x0000000008016150      0x114 build/obj/utils.o
                0x0000000008016150                utils_fast_sincos_better
 *fill*         0x0000000008016264        0xc 
 .text.utils_min_abs
                0x0000000008016270       0x18 build/obj/utils.o
                0x0000000008016270                utils_min_abs
 *fill*         0x0000000008016288        0x8 
 .text.utils_max_abs
                0x0000000008016290       0x18 build/obj/utils.o
                0x0000000008016290                utils_max_abs
 *fill*         0x00000000080162a8        0x8 
 .text.utils_throttle_curve
                0x00000000080162b0      0x150 build/obj/utils.o
                0x00000000080162b0                utils_throttle_curve
 .text.utils_sys_lock_cnt
                0x0000000008016400       0x18 build/obj/utils.o
                0x0000000008016400                utils_sys_lock_cnt
 *fill*         0x0000000008016418        0x8 
 .text.utils_sys_unlock_cnt
                0x0000000008016420       0x1c build/obj/utils.o
                0x0000000008016420                utils_sys_unlock_cnt
 *fill*         0x000000000801643c        0x4 
 .text.utils_crc32c
                0x0000000008016440       0x38 build/obj/utils.o
                0x0000000008016440                utils_crc32c
 *fill*         0x0000000008016478        0x8 
 .text.packet_init
                0x0000000008016480       0x24 build/obj/packet.o
                0x0000000008016480                packet_init
 *fill*         0x00000000080164a4        0xc 
 .text.packet_send_packet
                0x00000000080164b0       0x8c build/obj/packet.o
                0x00000000080164b0                packet_send_packet
 *fill*         0x000000000801653c        0x4 
 .text.packet_timerfunc
                0x0000000008016540       0x38 build/obj/packet.o
                0x0000000008016540                packet_timerfunc
 *fill*         0x0000000008016578        0x8 
 .text.packet_process_byte
                0x0000000008016580      0x16c build/obj/packet.o
                0x0000000008016580                packet_process_byte
 *fill*         0x00000000080166ec        0x4 
 .text.terminal_process_string
                0x00000000080166f0     0x17b8 build/obj/terminal.o
                0x00000000080166f0                terminal_process_string
 *fill*         0x0000000008017ea8        0x8 
 .text.terminal_add_fault_data
                0x0000000008017eb0       0x44 build/obj/terminal.o
                0x0000000008017eb0                terminal_add_fault_data
 *fill*         0x0000000008017ef4        0xc 
 .text.terminal_register_command_callback
                0x0000000008017f00       0x84 build/obj/terminal.o
                0x0000000008017f00                terminal_register_command_callback
 *fill*         0x0000000008017f84        0xc 
 .text.conf_general_init
                0x0000000008017f90       0x90 build/obj/conf_general.o
                0x0000000008017f90                conf_general_init
 .text.conf_general_read_app_configuration
                0x0000000008018020       0x44 build/obj/conf_general.o
                0x0000000008018020                conf_general_read_app_configuration
 *fill*         0x0000000008018064        0xc 
 .text.conf_general_store_app_configuration
                0x0000000008018070       0x70 build/obj/conf_general.o
                0x0000000008018070                conf_general_store_app_configuration
 .text.conf_general_read_mc_configuration
                0x00000000080180e0       0x44 build/obj/conf_general.o
                0x00000000080180e0                conf_general_read_mc_configuration
 *fill*         0x0000000008018124        0xc 
 .text.conf_general_store_mc_configuration
                0x0000000008018130       0x70 build/obj/conf_general.o
                0x0000000008018130                conf_general_store_mc_configuration
 .text.conf_general_detect_motor_param
                0x00000000080181a0      0x348 build/obj/conf_general.o
                0x00000000080181a0                conf_general_detect_motor_param
 *fill*         0x00000000080184e8        0x8 
 .text.conf_general_measure_flux_linkage
                0x00000000080184f0      0x2f8 build/obj/conf_general.o
                0x00000000080184f0                conf_general_measure_flux_linkage
 *fill*         0x00000000080187e8        0x8 
 .text.conf_general_calculate_deadtime
                0x00000000080187f0      0x104 build/obj/conf_general.o
                0x00000000080187f0                conf_general_calculate_deadtime
 *fill*         0x00000000080188f4        0xc 
 .text.conf_general_measure_flux_linkage_openloop
                0x0000000008018900      0x2c4 build/obj/conf_general.o
                0x0000000008018900                conf_general_measure_flux_linkage_openloop
 *fill*         0x0000000008018bc4        0xc 
 .text.conf_general_autodetect_apply_sensors_foc
                0x0000000008018bd0      0x24c build/obj/conf_general.o
                0x0000000008018bd0                conf_general_autodetect_apply_sensors_foc
 *fill*         0x0000000008018e1c        0x4 
 .text.conf_general_detect_apply_all_foc
                0x0000000008018e20      0x37c build/obj/conf_general.o
                0x0000000008018e20                conf_general_detect_apply_all_foc
 *fill*         0x000000000801919c        0x4 
 .text.conf_general_detect_apply_all_foc_can
                0x00000000080191a0      0x200 build/obj/conf_general.o
                0x00000000080191a0                conf_general_detect_apply_all_foc_can
 .text.EE_VerifyPageFullWriteVariable
                0x00000000080193a0       0x7c build/obj/eeprom.o
 *fill*         0x000000000801941c        0x4 
 .text.EE_EraseSectorIfNotEmpty.constprop.1
                0x0000000008019420       0x30 build/obj/eeprom.o
 .text.EE_Format
                0x0000000008019450       0x2c build/obj/eeprom.o
 *fill*         0x000000000801947c        0x4 
 .text.EE_ReadVariable
                0x0000000008019480       0x6c build/obj/eeprom.o
                0x0000000008019480                EE_ReadVariable
 *fill*         0x00000000080194ec        0x4 
 .text.EE_Init  0x00000000080194f0      0x144 build/obj/eeprom.o
                0x00000000080194f0                EE_Init
 *fill*         0x0000000008019634        0xc 
 .text.EE_WriteVariable
                0x0000000008019640       0xd0 build/obj/eeprom.o
                0x0000000008019640                EE_WriteVariable
 .text.commands_send_packet
                0x0000000008019710       0x10 build/obj/commands.o
                0x0000000008019710                commands_send_packet
 .text.blocking_thread
                0x0000000008019720      0x670 build/obj/commands.o
 .text.commands_init
                0x0000000008019d90       0x44 build/obj/commands.o
                0x0000000008019d90                commands_init
 *fill*         0x0000000008019dd4        0xc 
 .text.commands_send_packet_nrf
                0x0000000008019de0       0x10 build/obj/commands.o
                0x0000000008019de0                commands_send_packet_nrf
 .text.commands_printf
                0x0000000008019df0       0x5c build/obj/commands.o
                0x0000000008019df0                commands_printf
 *fill*         0x0000000008019e4c        0x4 
 .text.commands_send_rotor_pos
                0x0000000008019e50       0x40 build/obj/commands.o
                0x0000000008019e50                commands_send_rotor_pos
 .text.commands_get_disp_pos_mode
                0x0000000008019e90        0xc build/obj/commands.o
                0x0000000008019e90                commands_get_disp_pos_mode
 *fill*         0x0000000008019e9c        0x4 
 .text.commands_send_gpd_buffer_notify
                0x0000000008019ea0       0x24 build/obj/commands.o
                0x0000000008019ea0                commands_send_gpd_buffer_notify
 *fill*         0x0000000008019ec4        0xc 
 .text.commands_send_mcconf
                0x0000000008019ed0       0x40 build/obj/commands.o
                0x0000000008019ed0                commands_send_mcconf
 .text.commands_send_appconf
                0x0000000008019f10       0x40 build/obj/commands.o
                0x0000000008019f10                commands_send_appconf
 .text.commands_apply_mcconf_hw_limits
                0x0000000008019f50      0x164 build/obj/commands.o
                0x0000000008019f50                commands_apply_mcconf_hw_limits
 *fill*         0x000000000801a0b4        0xc 
 .text.commands_process_packet
                0x000000000801a0c0     0x11c0 build/obj/commands.o
                0x000000000801a0c0                commands_process_packet
 .text.timeout_thread
                0x000000000801b280       0xb0 build/obj/timeout.o
 .text.timeout_init
                0x000000000801b330       0x6c build/obj/timeout.o
                0x000000000801b330                timeout_init
 *fill*         0x000000000801b39c        0x4 
 .text.timeout_configure
                0x000000000801b3a0       0x14 build/obj/timeout.o
                0x000000000801b3a0                timeout_configure
 *fill*         0x000000000801b3b4        0xc 
 .text.timeout_reset
                0x000000000801b3c0       0x20 build/obj/timeout.o
                0x000000000801b3c0                timeout_reset
 .text.timeout_has_timeout
                0x000000000801b3e0        0xc build/obj/timeout.o
                0x000000000801b3e0                timeout_has_timeout
 *fill*         0x000000000801b3ec        0x4 
 .text.timeout_get_timeout_msec
                0x000000000801b3f0        0xc build/obj/timeout.o
                0x000000000801b3f0                timeout_get_timeout_msec
 *fill*         0x000000000801b3fc        0x4 
 .text.timeout_get_brake_current
                0x000000000801b400        0xc build/obj/timeout.o
                0x000000000801b400                timeout_get_brake_current
 *fill*         0x000000000801b40c        0x4 
 .text.timeout_feed_WDT
                0x000000000801b410       0x14 build/obj/timeout.o
                0x000000000801b410                timeout_feed_WDT
 *fill*         0x000000000801b424        0xc 
 .text.timeout_configure_IWDT_slowest
                0x000000000801b430       0x48 build/obj/timeout.o
                0x000000000801b430                timeout_configure_IWDT_slowest
 *fill*         0x000000000801b478        0x8 
 .text.timeout_configure_IWDT
                0x000000000801b480       0x48 build/obj/timeout.o
                0x000000000801b480                timeout_configure_IWDT
 *fill*         0x000000000801b4c8        0x8 
 .text.timeout_had_IWDG_reset
                0x000000000801b4d0       0x14 build/obj/timeout.o
                0x000000000801b4d0                timeout_had_IWDG_reset
 *fill*         0x000000000801b4e4        0xc 
 .text.cancom_read_thread
                0x000000000801b4f0       0xe8 build/obj/comm_can.o
 *fill*         0x000000000801b5d8        0x8 
 .text.comm_can_init
                0x000000000801b5e0       0xdc build/obj/comm_can.o
                0x000000000801b5e0                comm_can_init
 *fill*         0x000000000801b6bc        0x4 
 .text.comm_can_set_baud
                0x000000000801b6c0       0x54 build/obj/comm_can.o
                0x000000000801b6c0                comm_can_set_baud
 *fill*         0x000000000801b714        0xc 
 .text.comm_can_transmit_eid
                0x000000000801b720       0x54 build/obj/comm_can.o
                0x000000000801b720                comm_can_transmit_eid
 *fill*         0x000000000801b774        0xc 
 .text.cancom_status_thread
                0x000000000801b780      0x1ec build/obj/comm_can.o
 *fill*         0x000000000801b96c        0x4 
 .text.comm_can_send_buffer
                0x000000000801b970      0x154 build/obj/comm_can.o
                0x000000000801b970                comm_can_send_buffer
 *fill*         0x000000000801bac4        0xc 
 .text.send_packet_wrapper
                0x000000000801bad0       0x18 build/obj/comm_can.o
 *fill*         0x000000000801bae8        0x8 
 .text.comm_can_set_duty
                0x000000000801baf0       0x38 build/obj/comm_can.o
                0x000000000801baf0                comm_can_set_duty
 *fill*         0x000000000801bb28        0x8 
 .text.comm_can_set_current
                0x000000000801bb30       0x3c build/obj/comm_can.o
                0x000000000801bb30                comm_can_set_current
 *fill*         0x000000000801bb6c        0x4 
 .text.comm_can_set_current_brake
                0x000000000801bb70       0x3c build/obj/comm_can.o
                0x000000000801bb70                comm_can_set_current_brake
 *fill*         0x000000000801bbac        0x4 
 .text.comm_can_set_current_rel
                0x000000000801bbb0       0x30 build/obj/comm_can.o
                0x000000000801bbb0                comm_can_set_current_rel
 .text.comm_can_set_current_brake_rel
                0x000000000801bbe0       0x30 build/obj/comm_can.o
                0x000000000801bbe0                comm_can_set_current_brake_rel
 .text.comm_can_ping
                0x000000000801bc10       0x4c build/obj/comm_can.o
                0x000000000801bc10                comm_can_ping
 *fill*         0x000000000801bc5c        0x4 
 .text.comm_can_detect_apply_all_foc
                0x000000000801bc60       0x58 build/obj/comm_can.o
                0x000000000801bc60                comm_can_detect_apply_all_foc
 *fill*         0x000000000801bcb8        0x8 
 .text.comm_can_conf_current_limits_in
                0x000000000801bcc0       0x58 build/obj/comm_can.o
                0x000000000801bcc0                comm_can_conf_current_limits_in
 *fill*         0x000000000801bd18        0x8 
 .text.comm_can_conf_foc_erpms
                0x000000000801bd20       0x58 build/obj/comm_can.o
                0x000000000801bd20                comm_can_conf_foc_erpms
 *fill*         0x000000000801bd78        0x8 
 .text.comm_can_detect_all_foc_res
                0x000000000801bd80       0x1c build/obj/comm_can.o
                0x000000000801bd80                comm_can_detect_all_foc_res
 *fill*         0x000000000801bd9c        0x4 